// Jest Snapshot v1, https://goo.gl/fbAQLP

exports[`The Date Component Renders the UI as expected 1`] = `
<div>
  2/18/2019
</div>
`;
